[1/210] Building C object _deps/sdl2-build/CMakeFiles/SDL2main.dir/src/main/windows/SDL_windows_main.c.obj
[2/210] Building C object _deps/sdl2-build/CMakeFiles/SDL2-static.dir/src/SDL.c.obj
[3/210] Building C object _deps/sdl2-build/CMakeFiles/SDL2-static.dir/src/SDL_assert.c.obj
[4/210] Building C object _deps/sdl2-build/CMakeFiles/SDL2-static.dir/src/SDL_dataqueue.c.obj
[5/210] Building C object _deps/sdl2-build/CMakeFiles/SDL2-static.dir/src/SDL_error.c.obj
[6/210] Building C object _deps/sdl2-build/CMakeFiles/SDL2-static.dir/src/SDL_guid.c.obj
[7/210] Building C object _deps/sdl2-build/CMakeFiles/SDL2-static.dir/src/SDL_hints.c.obj
[8/210] Building C object _deps/sdl2-build/CMakeFiles/SDL2-static.dir/src/SDL_list.c.obj
[9/210] Building C object _deps/sdl2-build/CMakeFiles/SDL2-static.dir/src/SDL_log.c.obj
[10/210] Building C object _deps/sdl2-build/CMakeFiles/SDL2-static.dir/src/SDL_utils.c.obj
[11/210] Building C object _deps/sdl2-build/CMakeFiles/SDL2-static.dir/src/atomic/SDL_atomic.c.obj
[12/210] Building C object _deps/sdl2-build/CMakeFiles/SDL2-static.dir/src/atomic/SDL_spinlock.c.obj
[13/210] Building C object _deps/sdl2-build/CMakeFiles/SDL2-static.dir/src/audio/SDL_audio.c.obj
[14/210] Building C object _deps/sdl2-build/CMakeFiles/SDL2-static.dir/src/audio/SDL_audiocvt.c.obj
[15/210] Building C object _deps/sdl2-build/CMakeFiles/SDL2-static.dir/src/audio/SDL_audiodev.c.obj
[16/210] Building C object _deps/sdl2-build/CMakeFiles/SDL2-static.dir/src/audio/SDL_audiotypecvt.c.obj
[17/210] Building C object _deps/sdl2-build/CMakeFiles/SDL2-static.dir/src/audio/SDL_mixer.c.obj
[18/210] Building C object _deps/sdl2-build/CMakeFiles/SDL2-static.dir/src/audio/SDL_wave.c.obj
[19/210] Building C object _deps/sdl2-build/CMakeFiles/SDL2-static.dir/src/cpuinfo/SDL_cpuinfo.c.obj
[20/210] Building C object _deps/sdl2-build/CMakeFiles/SDL2-static.dir/src/dynapi/SDL_dynapi.c.obj
[21/210] Building C object _deps/sdl2-build/CMakeFiles/SDL2-static.dir/src/events/SDL_clipboardevents.c.obj
[22/210] Building C object _deps/sdl2-build/CMakeFiles/SDL2-static.dir/src/events/SDL_displayevents.c.obj
[23/210] Building C object _deps/sdl2-build/CMakeFiles/SDL2-static.dir/src/events/SDL_dropevents.c.obj
[24/210] Building C object _deps/sdl2-build/CMakeFiles/SDL2-static.dir/src/events/SDL_events.c.obj
[25/210] Building C object _deps/sdl2-build/CMakeFiles/SDL2-static.dir/src/events/SDL_gesture.c.obj
[26/210] Building C object _deps/sdl2-build/CMakeFiles/SDL2-static.dir/src/events/SDL_keyboard.c.obj
[27/210] Building C object _deps/sdl2-build/CMakeFiles/SDL2-static.dir/src/events/SDL_keysym_to_scancode.c.obj
[28/210] Building C object _deps/sdl2-build/CMakeFiles/SDL2-static.dir/src/events/SDL_mouse.c.obj
[29/210] Building C object _deps/sdl2-build/CMakeFiles/SDL2-static.dir/src/events/SDL_quit.c.obj
[30/210] Building C object _deps/sdl2-build/CMakeFiles/SDL2-static.dir/src/events/SDL_scancode_tables.c.obj
[31/210] Building C object _deps/sdl2-build/CMakeFiles/SDL2-static.dir/src/events/SDL_touch.c.obj
[32/210] Building C object _deps/sdl2-build/CMakeFiles/SDL2-static.dir/src/events/SDL_windowevents.c.obj
[33/210] Building C object _deps/sdl2-build/CMakeFiles/SDL2-static.dir/src/events/imKStoUCS.c.obj
[34/210] Building C object _deps/sdl2-build/CMakeFiles/SDL2-static.dir/src/file/SDL_rwops.c.obj
[35/210] Building C object _deps/sdl2-build/CMakeFiles/SDL2-static.dir/src/haptic/SDL_haptic.c.obj
[36/210] Building C object _deps/sdl2-build/CMakeFiles/SDL2-static.dir/src/hidapi/SDL_hidapi.c.obj
[37/210] Building C object _deps/sdl2-build/CMakeFiles/SDL2-static.dir/src/joystick/SDL_gamecontroller.c.obj
[38/210] Building C object _deps/sdl2-build/CMakeFiles/SDL2-static.dir/src/joystick/SDL_joystick.c.obj
[39/210] Building C object _deps/sdl2-build/CMakeFiles/SDL2-static.dir/src/joystick/SDL_steam_virtual_gamepad.c.obj
[40/210] Building C object _deps/sdl2-build/CMakeFiles/SDL2-static.dir/src/joystick/controller_type.c.obj
[41/210] Building C object _deps/sdl2-build/CMakeFiles/SDL2-static.dir/src/libm/e_atan2.c.obj
[42/210] Building C object _deps/sdl2-build/CMakeFiles/SDL2-static.dir/src/libm/e_exp.c.obj
[43/210] Building C object _deps/sdl2-build/CMakeFiles/SDL2-static.dir/src/libm/e_fmod.c.obj
[44/210] Building C object _deps/sdl2-build/CMakeFiles/SDL2-static.dir/src/libm/e_log.c.obj
[45/210] Building C object _deps/sdl2-build/CMakeFiles/SDL2-static.dir/src/libm/e_log10.c.obj
[46/210] Building C object _deps/sdl2-build/CMakeFiles/SDL2-static.dir/src/libm/e_pow.c.obj
[47/210] Building C object _deps/sdl2-build/CMakeFiles/SDL2-static.dir/src/libm/e_rem_pio2.c.obj
[48/210] Building C object _deps/sdl2-build/CMakeFiles/SDL2-static.dir/src/libm/e_sqrt.c.obj
[49/210] Building C object _deps/sdl2-build/CMakeFiles/SDL2-static.dir/src/libm/k_cos.c.obj
[50/210] Building C object _deps/sdl2-build/CMakeFiles/SDL2-static.dir/src/libm/k_rem_pio2.c.obj
[51/210] Building C object _deps/sdl2-build/CMakeFiles/SDL2-static.dir/src/libm/k_sin.c.obj
[52/210] Building C object _deps/sdl2-build/CMakeFiles/SDL2-static.dir/src/libm/k_tan.c.obj
[53/210] Building C object _deps/sdl2-build/CMakeFiles/SDL2-static.dir/src/libm/s_atan.c.obj
[54/210] Building C object _deps/sdl2-build/CMakeFiles/SDL2-static.dir/src/libm/s_copysign.c.obj
[55/210] Building C object _deps/sdl2-build/CMakeFiles/SDL2-static.dir/src/libm/s_cos.c.obj
[56/210] Building C object _deps/sdl2-build/CMakeFiles/SDL2-static.dir/src/libm/s_fabs.c.obj
[57/210] Building C object _deps/sdl2-build/CMakeFiles/SDL2-static.dir/src/libm/s_floor.c.obj
[58/210] Building C object _deps/sdl2-build/CMakeFiles/SDL2-static.dir/src/libm/s_scalbn.c.obj
[59/210] Building C object _deps/sdl2-build/CMakeFiles/SDL2-static.dir/src/libm/s_sin.c.obj
[60/210] Building C object _deps/sdl2-build/CMakeFiles/SDL2-static.dir/src/libm/s_tan.c.obj
[61/210] Building C object _deps/sdl2-build/CMakeFiles/SDL2-static.dir/src/locale/SDL_locale.c.obj
[62/210] Building C object _deps/sdl2-build/CMakeFiles/SDL2-static.dir/src/misc/SDL_url.c.obj
[63/210] Building C object _deps/sdl2-build/CMakeFiles/SDL2-static.dir/src/power/SDL_power.c.obj
[64/210] Building C object _deps/sdl2-build/CMakeFiles/SDL2-static.dir/src/render/SDL_d3dmath.c.obj
[65/210] Building C object _deps/sdl2-build/CMakeFiles/SDL2-static.dir/src/render/SDL_render.c.obj
[66/210] Building C object _deps/sdl2-build/CMakeFiles/SDL2-static.dir/src/render/SDL_yuv_sw.c.obj
[67/210] Building C object _deps/sdl2-build/CMakeFiles/SDL2-static.dir/src/render/direct3d/SDL_render_d3d.c.obj
[68/210] Building C object _deps/sdl2-build/CMakeFiles/SDL2-static.dir/src/render/direct3d/SDL_shaders_d3d.c.obj
[69/210] Building C object _deps/sdl2-build/CMakeFiles/SDL2-static.dir/src/render/direct3d11/SDL_render_d3d11.c.obj
[70/210] Building C object _deps/sdl2-build/CMakeFiles/SDL2-static.dir/src/render/direct3d11/SDL_shaders_d3d11.c.obj
[71/210] Building C object _deps/sdl2-build/CMakeFiles/SDL2-static.dir/src/render/direct3d12/SDL_render_d3d12.c.obj
[72/210] Building C object _deps/sdl2-build/CMakeFiles/SDL2-static.dir/src/render/direct3d12/SDL_shaders_d3d12.c.obj
[73/210] Building C object _deps/sdl2-build/CMakeFiles/SDL2-static.dir/src/render/opengl/SDL_render_gl.c.obj
[74/210] Building C object _deps/sdl2-build/CMakeFiles/SDL2-static.dir/src/render/opengl/SDL_shaders_gl.c.obj
[75/210] Building C object _deps/sdl2-build/CMakeFiles/SDL2-static.dir/src/render/opengles/SDL_render_gles.c.obj
[76/210] Building C object _deps/sdl2-build/CMakeFiles/SDL2-static.dir/src/render/opengles2/SDL_render_gles2.c.obj
[77/210] Building C object _deps/sdl2-build/CMakeFiles/SDL2-static.dir/src/render/opengles2/SDL_shaders_gles2.c.obj
[78/210] Building C object _deps/sdl2-build/CMakeFiles/SDL2-static.dir/src/render/ps2/SDL_render_ps2.c.obj
[79/210] Building C object _deps/sdl2-build/CMakeFiles/SDL2-static.dir/src/render/psp/SDL_render_psp.c.obj
[80/210] Building C object _deps/sdl2-build/CMakeFiles/SDL2-static.dir/src/render/software/SDL_blendfillrect.c.obj
[81/210] Building C object _deps/sdl2-build/CMakeFiles/SDL2-static.dir/src/render/software/SDL_blendline.c.obj
[82/210] Building C object _deps/sdl2-build/CMakeFiles/SDL2-static.dir/src/render/software/SDL_blendpoint.c.obj
[83/210] Building C object _deps/sdl2-build/CMakeFiles/SDL2-static.dir/src/render/software/SDL_drawline.c.obj
[84/210] Building C object _deps/sdl2-build/CMakeFiles/SDL2-static.dir/src/render/software/SDL_drawpoint.c.obj
[85/210] Building C object _deps/sdl2-build/CMakeFiles/SDL2-static.dir/src/render/software/SDL_render_sw.c.obj
[86/210] Building C object _deps/sdl2-build/CMakeFiles/SDL2-static.dir/src/render/software/SDL_rotate.c.obj
[87/210] Building C object _deps/sdl2-build/CMakeFiles/SDL2-static.dir/src/render/software/SDL_triangle.c.obj
[88/210] Building C object _deps/sdl2-build/CMakeFiles/SDL2-static.dir/src/render/vitagxm/SDL_render_vita_gxm.c.obj
[89/210] Building C object _deps/sdl2-build/CMakeFiles/SDL2-static.dir/src/render/vitagxm/SDL_render_vita_gxm_memory.c.obj
[90/210] Building C object _deps/sdl2-build/CMakeFiles/SDL2-static.dir/src/render/vitagxm/SDL_render_vita_gxm_tools.c.obj
[91/210] Building C object _deps/sdl2-build/CMakeFiles/SDL2-static.dir/src/sensor/SDL_sensor.c.obj
[92/210] Building C object _deps/sdl2-build/CMakeFiles/SDL2-static.dir/src/stdlib/SDL_crc16.c.obj
[93/210] Building C object _deps/sdl2-build/CMakeFiles/SDL2-static.dir/src/stdlib/SDL_crc32.c.obj
[94/210] Building C object _deps/sdl2-build/CMakeFiles/SDL2-static.dir/src/stdlib/SDL_getenv.c.obj
[95/210] Building C object _deps/sdl2-build/CMakeFiles/SDL2-static.dir/src/stdlib/SDL_iconv.c.obj
[96/210] Building C object _deps/sdl2-build/CMakeFiles/SDL2-static.dir/src/stdlib/SDL_malloc.c.obj
[97/210] Building C object _deps/sdl2-build/CMakeFiles/SDL2-static.dir/src/stdlib/SDL_mslibc.c.obj
[98/210] Building C object _deps/sdl2-build/CMakeFiles/SDL2-static.dir/src/stdlib/SDL_qsort.c.obj
[99/210] Building C object _deps/sdl2-build/CMakeFiles/SDL2-static.dir/src/stdlib/SDL_stdlib.c.obj
[100/210] Building C object _deps/sdl2-build/CMakeFiles/SDL2-static.dir/src/stdlib/SDL_string.c.obj
[101/210] Building C object _deps/sdl2-build/CMakeFiles/SDL2-static.dir/src/stdlib/SDL_strtokr.c.obj
[102/210] Building C object _deps/sdl2-build/CMakeFiles/SDL2-static.dir/src/thread/SDL_thread.c.obj
[103/210] Building C object _deps/sdl2-build/CMakeFiles/SDL2-static.dir/src/timer/SDL_timer.c.obj
[104/210] Building C object _deps/sdl2-build/CMakeFiles/SDL2-static.dir/src/video/SDL_RLEaccel.c.obj
[105/210] Building C object _deps/sdl2-build/CMakeFiles/SDL2-static.dir/src/video/SDL_blit.c.obj
[106/210] Building C object _deps/sdl2-build/CMakeFiles/SDL2-static.dir/src/video/SDL_blit_0.c.obj
[107/210] Building C object _deps/sdl2-build/CMakeFiles/SDL2-static.dir/src/video/SDL_blit_1.c.obj
[108/210] Building C object _deps/sdl2-build/CMakeFiles/SDL2-static.dir/src/video/SDL_blit_A.c.obj
[109/210] Building C object _deps/sdl2-build/CMakeFiles/SDL2-static.dir/src/video/SDL_blit_N.c.obj
[110/210] Building C object _deps/sdl2-build/CMakeFiles/SDL2-static.dir/src/video/SDL_blit_auto.c.obj
[111/210] Building C object _deps/sdl2-build/CMakeFiles/SDL2-static.dir/src/video/SDL_blit_copy.c.obj
[112/210] Building C object _deps/sdl2-build/CMakeFiles/SDL2-static.dir/src/video/SDL_blit_slow.c.obj
[113/210] Building C object _deps/sdl2-build/CMakeFiles/SDL2-static.dir/src/video/SDL_bmp.c.obj
[114/210] Building C object _deps/sdl2-build/CMakeFiles/SDL2-static.dir/src/video/SDL_clipboard.c.obj
[115/210] Building C object _deps/sdl2-build/CMakeFiles/SDL2-static.dir/src/video/SDL_egl.c.obj
[116/210] Building C object _deps/sdl2-build/CMakeFiles/SDL2-static.dir/src/video/SDL_fillrect.c.obj
[117/210] Building C object _deps/sdl2-build/CMakeFiles/SDL2-static.dir/src/video/SDL_pixels.c.obj
[118/210] Building C object _deps/sdl2-build/CMakeFiles/SDL2-static.dir/src/video/SDL_rect.c.obj
[119/210] Building C object _deps/sdl2-build/CMakeFiles/SDL2-static.dir/src/video/SDL_shape.c.obj
[120/210] Building C object _deps/sdl2-build/CMakeFiles/SDL2-static.dir/src/video/SDL_stretch.c.obj
[121/210] Building C object _deps/sdl2-build/CMakeFiles/SDL2-static.dir/src/video/SDL_surface.c.obj
[122/210] Building C object _deps/sdl2-build/CMakeFiles/SDL2-static.dir/src/video/SDL_video.c.obj
[123/210] Building C object _deps/sdl2-build/CMakeFiles/SDL2-static.dir/src/video/SDL_vulkan_utils.c.obj
[124/210] Building C object _deps/sdl2-build/CMakeFiles/SDL2-static.dir/src/video/SDL_yuv.c.obj
[125/210] Building C object _deps/sdl2-build/CMakeFiles/SDL2-static.dir/src/video/yuv2rgb/yuv_rgb_lsx.c.obj
[126/210] Building C object _deps/sdl2-build/CMakeFiles/SDL2-static.dir/src/video/yuv2rgb/yuv_rgb_sse.c.obj
[127/210] Building C object _deps/sdl2-build/CMakeFiles/SDL2-static.dir/src/video/yuv2rgb/yuv_rgb_std.c.obj
[128/210] Building C object _deps/sdl2-build/CMakeFiles/SDL2-static.dir/src/audio/dummy/SDL_dummyaudio.c.obj
[129/210] Building C object _deps/sdl2-build/CMakeFiles/SDL2-static.dir/src/audio/disk/SDL_diskaudio.c.obj
[130/210] Building C object _deps/sdl2-build/CMakeFiles/SDL2-static.dir/src/joystick/virtual/SDL_virtualjoystick.c.obj
[131/210] Building C object _deps/sdl2-build/CMakeFiles/SDL2-static.dir/src/video/dummy/SDL_nullevents.c.obj
[132/210] Building C object _deps/sdl2-build/CMakeFiles/SDL2-static.dir/src/video/dummy/SDL_nullframebuffer.c.obj
[133/210] Building C object _deps/sdl2-build/CMakeFiles/SDL2-static.dir/src/video/dummy/SDL_nullvideo.c.obj
[134/210] Building C object _deps/sdl2-build/CMakeFiles/SDL2-static.dir/src/video/offscreen/SDL_offscreenevents.c.obj
[135/210] Building C object _deps/sdl2-build/CMakeFiles/SDL2-static.dir/src/video/offscreen/SDL_offscreenframebuffer.c.obj
[136/210] Building C object _deps/sdl2-build/CMakeFiles/SDL2-static.dir/src/video/offscreen/SDL_offscreenopengles.c.obj
[137/210] Building C object _deps/sdl2-build/CMakeFiles/SDL2-static.dir/src/video/offscreen/SDL_offscreenvideo.c.obj
[138/210] Building C object _deps/sdl2-build/CMakeFiles/SDL2-static.dir/src/video/offscreen/SDL_offscreenwindow.c.obj
[139/210] Building C object _deps/sdl2-build/CMakeFiles/SDL2-static.dir/src/core/windows/SDL_hid.c.obj
[140/210] Building C object _deps/sdl2-build/CMakeFiles/SDL2-static.dir/src/core/windows/SDL_immdevice.c.obj
[141/210] Building C object _deps/sdl2-build/CMakeFiles/SDL2-static.dir/src/core/windows/SDL_windows.c.obj
[142/210] Building C object _deps/sdl2-build/CMakeFiles/SDL2-static.dir/src/core/windows/SDL_xinput.c.obj
[143/210] Building C object _deps/sdl2-build/CMakeFiles/SDL2-static.dir/src/misc/windows/SDL_sysurl.c.obj
[144/210] Building C object _deps/sdl2-build/CMakeFiles/SDL2-static.dir/src/audio/winmm/SDL_winmm.c.obj
[145/210] Building C object _deps/sdl2-build/CMakeFiles/SDL2-static.dir/src/audio/directsound/SDL_directsound.c.obj
[146/210] Building C object _deps/sdl2-build/CMakeFiles/SDL2-static.dir/src/audio/wasapi/SDL_wasapi.c.obj
[147/210] Building C object _deps/sdl2-build/CMakeFiles/SDL2-static.dir/src/audio/wasapi/SDL_wasapi_win32.c.obj
[148/210] Building C object _deps/sdl2-build/CMakeFiles/SDL2-static.dir/src/video/windows/SDL_windowsclipboard.c.obj
[149/210] Building C object _deps/sdl2-build/CMakeFiles/SDL2-static.dir/src/video/windows/SDL_windowsevents.c.obj
[150/210] Building C object _deps/sdl2-build/CMakeFiles/SDL2-static.dir/src/video/windows/SDL_windowsframebuffer.c.obj
[151/210] Building C object _deps/sdl2-build/CMakeFiles/SDL2-static.dir/src/video/windows/SDL_windowskeyboard.c.obj
[152/210] Building C object _deps/sdl2-build/CMakeFiles/SDL2-static.dir/src/video/windows/SDL_windowsmessagebox.c.obj
[153/210] Building C object _deps/sdl2-build/CMakeFiles/SDL2-static.dir/src/video/windows/SDL_windowsmodes.c.obj
[154/210] Building C object _deps/sdl2-build/CMakeFiles/SDL2-static.dir/src/video/windows/SDL_windowsmouse.c.obj
[155/210] Building C object _deps/sdl2-build/CMakeFiles/SDL2-static.dir/src/video/windows/SDL_windowsopengl.c.obj
[156/210] Building C object _deps/sdl2-build/CMakeFiles/SDL2-static.dir/src/video/windows/SDL_windowsopengles.c.obj
[157/210] Building C object _deps/sdl2-build/CMakeFiles/SDL2-static.dir/src/video/windows/SDL_windowsshape.c.obj
[158/210] Building C object _deps/sdl2-build/CMakeFiles/SDL2-static.dir/src/video/windows/SDL_windowsvideo.c.obj
[159/210] Building C object _deps/sdl2-build/CMakeFiles/SDL2-static.dir/src/video/windows/SDL_windowsvulkan.c.obj
[160/210] Building C object _deps/sdl2-build/CMakeFiles/SDL2-static.dir/src/video/windows/SDL_windowswindow.c.obj
[161/210] Building C object _deps/sdl2-build/CMakeFiles/SDL2-static.dir/src/thread/generic/SDL_syscond.c.obj
[162/210] Building C object _deps/sdl2-build/CMakeFiles/SDL2-static.dir/src/thread/windows/SDL_syscond_cv.c.obj
[163/210] Building C object _deps/sdl2-build/CMakeFiles/SDL2-static.dir/src/thread/windows/SDL_sysmutex.c.obj
[164/210] Building C object _deps/sdl2-build/CMakeFiles/SDL2-static.dir/src/thread/windows/SDL_syssem.c.obj
[165/210] Building C object _deps/sdl2-build/CMakeFiles/SDL2-static.dir/src/thread/windows/SDL_systhread.c.obj
[166/210] Building C object _deps/sdl2-build/CMakeFiles/SDL2-static.dir/src/thread/windows/SDL_systls.c.obj
[167/210] Building C object _deps/sdl2-build/CMakeFiles/SDL2-static.dir/src/sensor/windows/SDL_windowssensor.c.obj
[168/210] Building C object _deps/sdl2-build/CMakeFiles/SDL2-static.dir/src/power/windows/SDL_syspower.c.obj
[169/210] Building C object _deps/sdl2-build/CMakeFiles/SDL2-static.dir/src/locale/windows/SDL_syslocale.c.obj
[170/210] Building C object _deps/sdl2-build/CMakeFiles/SDL2-static.dir/src/filesystem/windows/SDL_sysfilesystem.c.obj
[171/210] Building C object _deps/sdl2-build/CMakeFiles/SDL2-static.dir/src/timer/windows/SDL_systimer.c.obj
[172/210] Building C object _deps/sdl2-build/CMakeFiles/SDL2-static.dir/src/loadso/windows/SDL_sysloadso.c.obj
[173/210] Building C object _deps/sdl2-build/CMakeFiles/SDL2-static.dir/src/joystick/hidapi/SDL_hidapi_combined.c.obj
[174/210] Building C object _deps/sdl2-build/CMakeFiles/SDL2-static.dir/src/joystick/hidapi/SDL_hidapi_gamecube.c.obj
[175/210] Building C object _deps/sdl2-build/CMakeFiles/SDL2-static.dir/src/joystick/hidapi/SDL_hidapi_luna.c.obj
[176/210] Building C object _deps/sdl2-build/CMakeFiles/SDL2-static.dir/src/joystick/hidapi/SDL_hidapi_ps3.c.obj
[177/210] Building C object _deps/sdl2-build/CMakeFiles/SDL2-static.dir/src/joystick/hidapi/SDL_hidapi_ps4.c.obj
[178/210] Building C object _deps/sdl2-build/CMakeFiles/SDL2-static.dir/src/joystick/hidapi/SDL_hidapi_ps5.c.obj
[179/210] Building C object _deps/sdl2-build/CMakeFiles/SDL2-static.dir/src/joystick/hidapi/SDL_hidapi_rumble.c.obj
[180/210] Building C object _deps/sdl2-build/CMakeFiles/SDL2-static.dir/src/joystick/hidapi/SDL_hidapi_shield.c.obj
[181/210] Building C object _deps/sdl2-build/CMakeFiles/SDL2-static.dir/src/joystick/hidapi/SDL_hidapi_stadia.c.obj
[182/210] Building C object _deps/sdl2-build/CMakeFiles/SDL2-static.dir/src/joystick/hidapi/SDL_hidapi_steam.c.obj
[183/210] Building C object _deps/sdl2-build/CMakeFiles/SDL2-static.dir/src/joystick/hidapi/SDL_hidapi_steamdeck.c.obj
[184/210] Building C object _deps/sdl2-build/CMakeFiles/SDL2-static.dir/src/joystick/hidapi/SDL_hidapi_switch.c.obj
[185/210] Building C object _deps/sdl2-build/CMakeFiles/SDL2-static.dir/src/joystick/hidapi/SDL_hidapi_wii.c.obj
[186/210] Building C object _deps/sdl2-build/CMakeFiles/SDL2-static.dir/src/joystick/hidapi/SDL_hidapi_xbox360.c.obj
[187/210] Building C object _deps/sdl2-build/CMakeFiles/SDL2-static.dir/src/joystick/hidapi/SDL_hidapi_xbox360w.c.obj
[188/210] Building C object _deps/sdl2-build/CMakeFiles/SDL2-static.dir/src/joystick/hidapi/SDL_hidapi_xboxone.c.obj
[189/210] Building C object _deps/sdl2-build/CMakeFiles/SDL2-static.dir/src/joystick/hidapi/SDL_hidapijoystick.c.obj
[190/210] Building C object _deps/sdl2-build/CMakeFiles/SDL2-static.dir/src/joystick/windows/SDL_dinputjoystick.c.obj
[191/210] Building C object _deps/sdl2-build/CMakeFiles/SDL2-static.dir/src/joystick/windows/SDL_rawinputjoystick.c.obj
[192/210] Building C object _deps/sdl2-build/CMakeFiles/SDL2-static.dir/src/joystick/windows/SDL_windows_gaming_input.c.obj
[193/210] Building C object _deps/sdl2-build/CMakeFiles/SDL2-static.dir/src/joystick/windows/SDL_windowsjoystick.c.obj
[194/210] Building C object _deps/sdl2-build/CMakeFiles/SDL2-static.dir/src/joystick/windows/SDL_xinputjoystick.c.obj
[195/210] Building C object _deps/sdl2-build/CMakeFiles/SDL2-static.dir/src/haptic/windows/SDL_dinputhaptic.c.obj
[196/210] Building C object _deps/sdl2-build/CMakeFiles/SDL2-static.dir/src/haptic/windows/SDL_windowshaptic.c.obj
[197/210] Building C object _deps/sdl2-build/CMakeFiles/SDL2-static.dir/src/haptic/windows/SDL_xinputhaptic.c.obj
[198/210] Building C object CMakeFiles/moraffs_world.dir/src/mw_integrity.c.obj
[199/210] Linking C static library _deps\sdl2-build\libSDL2main.a
[200/210] Building C object CMakeFiles/moraffs_world.dir/src/mw_audio.c.obj
[201/210] Building C object CMakeFiles/moraffs_world.dir/src/mw_input.c.obj
[202/210] Building C object CMakeFiles/moraffs_world.dir/src/mw_video.c.obj
[203/210] Building C object CMakeFiles/moraffs_world.dir/src/mw_wilderness.c.obj
[204/210] Building C object CMakeFiles/moraffs_world.dir/src/main.c.obj
[205/210] Building C object CMakeFiles/moraffs_world.dir/src/mw_model_viewer.c.obj
[206/210] Building C object CMakeFiles/moraffs_world.dir/src/mw_trainer.c.obj
[207/210] Linking C static library _deps\sdl2-build\libSDL2.a
[208/210] Building C object CMakeFiles/moraffs_world.dir/src/mw_combat.c.obj
[209/210] Building C object CMakeFiles/moraffs_world.dir/src/mw_game.c.obj
[210/210] Linking C executable moraffs_world.exe
Build complete. Run moraffs_world with its local game data files.
